<?xml version="1.0" encoding="UTF-8"?>
<!-- Copyright FUJITSU LIMITED 2017-->
 
<RevenueSharesResults xmlns="http://oscm.org/xsd/billingservice/partnermodel" xmlns:xsi="http://www.w3.org/2001/XMLSchema-instance" xsi:schemaLocation="http://oscm.org/xsd/billingservice/partnermodel SupplierRevenueShareResult.xsd">
    <SupplierRevenueShareResult organizationId="98cf6bbd" organizationKey="11001">
      <OrganizationData id="98cf6bbd" key="11001">
        <Email>xx@xx.com</Email>
        <Name>Supplier</Name>
        <Address>asd</Address>
        <CountryIsoCode>AD</CountryIsoCode>
      </OrganizationData>
      <Period endDate="1343772000000" endDateIsoFormat="2012-07-31T22:00:00.000Z" startDate="1341093600000" startDateIsoFormat="2012-06-30T22:00:00.000Z"/>
      <Currency id="EUR">
        <Marketplace id="98cf6bbd" key="11056">
          <MarketplaceOwner>
            <OrganizationData id="98cf6bbd" key="11001">
              <Email>xx@xx.com</Email>
              <Name>Supplier</Name>
              <Address>asd</Address>
              <CountryIsoCode>AD</CountryIsoCode>
            </OrganizationData>
          </MarketplaceOwner>
          <Service id="Service1" key="13008" model="DIRECT">
            <Subscription billingKey="10000" id="TechnicalService" key="13001" revenue="110.32">
              <Period endDate="1343772000000" endDateIsoFormat="2012-07-31T22:00:00.000Z" startDate="1341093600000" startDateIsoFormat="2012-06-30T22:00:00.000Z"/>
            </Subscription>
            <Subscription billingKey="10001" id="TechnicalService" key="13002" revenue="110.32">
              <Period endDate="1343772000000" endDateIsoFormat="2012-07-31T22:00:00.000Z" startDate="1341093600000" startDateIsoFormat="2012-06-30T22:00:00.000Z"/>
            </Subscription>
            <RevenueShareDetails amountForSupplier="110.32" marketplaceRevenue="0.00" marketplaceRevenueSharePercentage="0.00" serviceRevenue="110.32">
              <CustomerRevenueShareDetails amountForSupplier="110.32" customerId="98cf6bbd" customerName="Supplier" marketplaceRevenue="0.00" serviceRevenue="110.32"/>
            </RevenueShareDetails>
          </Service>
          <RevenuePerMarketplace brokerRevenue="0.00" marketplaceRevenue="0.00" overallRevenue="110.32" resellerRevenue="0.00" serviceRevenue="110.32"/>
        </Marketplace>
        <SupplierRevenue amount="110.32">
          <DirectRevenue marketplaceRevenue="0.00" serviceRevenue="110.32"/>
        </SupplierRevenue>
      </Currency>
    </SupplierRevenueShareResult>
  </RevenueSharesResults>


